data/runs/c80ca707-6cde-4ac0-9e79-4948ffb2005e/panel.csv
t,firm_id,price,cost,quantity,profit
0,0,2.6,1.0,2500.0,4000.0
1,0,2.6,0.949708410006399,2500.0,4125.728974984003
2,0,2.6,1.0227267424036386,2500.0,3943.183143990904
3,0,2.6,1.020399464204032,2500.0,3949.00133948992
4,0,2.6,1.0729290235046984,2500.0,3817.6774412382542
5,0,2.6,0.9800546628211662,2500.0,4049.8633429470847
6,0,2.6,1.1518858974095445,2500.0,3620.285256476139
7,0,2.6,1.1344418671498213,2500.0,3663.895332125447
8,0,2.6,1.0092485110390488,2500.0,3976.878722402378
9,0,2.6,1.0930630951018505,2500.0,3767.342262245374
10,0,2.6,1.1436683120232274,2500.0,3640.8292199419316
11,0,2.6,1.0335659595563162,2500.0,3916.0851011092095
12,0,2.6,1.0211203495598664,2500.0,3947.199126100334
13,0,2.6,1.1905740845780617,2500.0,3523.564788554846
14,0,2.6,1.1982785629579522,2500.0,3504.30359260512
15,0,2.6,1.1875241911769545,2500.0,3531.189522057614
16,0,2.6,1.075852213598104,2500.0,3810.3694660047404
17,0,2.6,1.2298430502211226,2500.0,3425.3923744471936
18,0,2.6,1.1814800068431985,2500.0,3546.2999828920038
19,0,2.6,1.1565112183277384,2500.0,3608.7219541806544
20,0,2.6,1.0646522295097525,2500.0,3838.369426225619
21,0,2.6,1.1669011238395204,2500.0,3582.747190401199
22,0,2.6,1.1635900510316712,2500.0,3591.0248724208222
23,0,2.6,1.1360081155660426,2500.0,3659.9797110848936
24,0,2.6,1.233150956846556,2500.0,3417.1226078836103
25,0,2.6,1.142691424134648,2478.497452327043,3611.9355925366267
26,0,2.6,1.1740336035459136,2340.3356581815506,3337.2400049901485
27,0,2.6,1.0731618879914537,2359.1492516110925,3602.0389892762555
28,0,2.6,1.0991070513425525,2446.3163806427096,3671.6590058918514
29,0,2.6,1.1299775020358975,2494.362838973659,3666.7694913768887
30,0,2.6,1.1909289047867377,2485.808630473038,3502.681089431224
31,0,2.6,1.158259000582834,2500.0,3604.3524985429153
32,0,2.6,1.3192355139882133,2500.0,3201.9112150294673
33,0,2.6,1.3030471081376038,2500.0,3242.3822296559906
34,0,2.6,1.1221978010611051,2500.0,3694.5054973472375
35,0,2.6,1.166129219390274,2500.0,3584.6769515243154
36,0,2.6,1.0592454108443778,2500.0,3851.8864728890558
37,0,2.6,1.0638982671642363,2500.0,3840.2543320894097
38,0,2.6,1.0072869744968012,2480.222356645146,3950.282453572965
39,0,2.6,1.1158528482930605,2425.261803582381,3599.445397930426
40,0,2.6,1.035412530545834,2358.2018401476616,3689.613049538788
41,0,2.6,0.9537407617154599,2470.265504249341,4066.697407386096
42,0,2.6,1.0022516741632213,2484.372307595331,3969.4016952156953
43,0,2.6,1.0183254946568274,2500.0,3954.1862633579317
44,0,2.6,1.0102489399075516,2500.0,3974.377650231121
45,0,2.6,1.1191531657982872,2500.0,3702.1170855042824
46,0,2.6,1.0741438246314172,2500.0,3814.640438421457
47,0,2.6,1.2017050835124794,2500.0,3495.7372912188016
48,0,2.6,1.2122450825081685,2500.0,3469.3872937295787
49,0,2.6,1.1192810362343513,2372.7250111656995,3513.338919834112
50,0,2.6,1.1458951543773985,2329.4688498112396,3387.2919422374316
51,0,2.6,1.2827061291282886,2340.8523711193575,3083.5904810910424
52,0,2.6,1.1815329018666383,2389.7112412766237,3389.726769790326
53,0,2.6,1.0110976098750455,2337.062677284642,3713.3644738093935
54,0,2.6,1.0740115998460733,2395.726832574652,3655.8513564464274
55,0,2.6,0.9408848539728885,2496.0271335456737,4141.196422160263
56,0,2.6,1.111119665001675,2469.405975298349,3676.6499957490714
57,0,2.6,1.0386615639217611,2500.0,3903.3460901955973
58,0,2.6,0.9986786131445502,2500.0,4003.303467138625
59,0,2.6,1.022701927788817,2410.56304157836,3802.1764384250732
60,0,2.6,0.9609940587884621,2226.742907998989,3649.644855761
61,0,2.6,0.9272416063930901,2216.266426755554,3707.2782678245476
62,0,2.6,0.9470169421639689,2127.787415941705,3517.196549228347
63,0,2.6,0.9171299053710383,2185.042248647223,3677.142255749232
64,0,2.6,1.0349557768214948,2280.5011129118875,3569.0850927149017
65,0,2.6,1.0375672047107867,2299.9995653065203,3593.594749985842
66,0,2.6,0.9838463755312612,2324.2166776345384,3756.2912076097496
67,0,2.6,0.9762404026906177,2272.083897130731,3689.3180338581283
68,0,2.6,1.0071031066034601,2190.1514315728714,3488.6854114204116
69,0,2.6,0.9909243884936111,2299.9242589789437,3700.7520334349224
70,0,2.6,0.9478920452513486,2392.368102195214,3952.4503723236476
71,0,2.6,0.83410274404013,2391.666366106662,4223.437073079268
72,0,2.6,1.0127884440005328,2397.782465795996,3805.788038484302
73,0,2.6,1.1288191453870984,2417.5318775483083,3556.626613665453
74,0,2.6,0.9840692876385575,2414.5761285497174,3901.787723458279
75,0,2.6,0.9896164709775247,2500.0,4025.9588225561884
76,0,2.6,0.8560843220926543,2472.1122731982473,4311.155350777591
77,0,2.6,0.8682539199458801,2421.3032212023227,4193.082361939536
78,0,2.6,0.9908071393480253,2500.0,4022.982151629937
79,0,2.6,0.9112145545320794,2500.0,4221.963613669801
80,0,2.6,0.7583797605668862,2500.0,4604.050598582785
81,0,2.6,0.6221871636254337,2500.0,4944.532090936416
82,0,2.6,0.6086618959407097,2500.0,4978.345260148226
83,0,2.6,0.6403362912928313,2500.0,4899.159271767922
84,0,2.6,0.6459146439361646,2500.0,4885.213390159588
85,0,2.6,0.6230429985099507,2500.0,4942.392503725124
86,0,2.6,0.6121519294073486,2500.0,4969.620176481629
87,0,2.597942620678351,0.5979426206783509,2501.2858619626386,5002.571723925277
88,0,2.6,0.6884445499482871,2500.0,4778.888625129282
89,0,2.593930428558744,0.5939304285587438,2503.793479239314,5007.586958478628
90,0,2.6,0.613636843234548,2500.0,4965.90789191363
91,0,2.4714938141718372,0.471493814171837,2580.288745637155,5160.57749127431
92,0,2.438156944535129,0.4381569445351288,2601.096748086035,5202.19349617207
93,0,2.316246637161906,0.31624663716190604,2677.048966579389,5354.097933158778
94,0,2.328294825727488,0.3282948257274877,2669.5550395018968,5339.1100790037935
95,0,2.3058428799724284,0.3058428799724284,2683.517496782347,5367.034993564694
96,0,2.3904108652839398,0.39041086528393987,2630.8734611602126,5261.746922320425
97,0,2.3226948436118544,0.3226948436118543,2673.0385959437876,5346.077191887575
98,0,2.1834491377068823,0.1834491377068825,2759.4072380949165,5518.814476189832
99,0,2.0,0.0,2872.2125840582953,5744.425168116591
0,2,2.6,1.0,2500.0,4000.0
1,2,2.6,0.9728880593045229,2500.0,4067.779851738693
2,2,2.6,0.8299413693508783,2500.0,4425.146576622805
3,2,2.6,0.8387488834845078,2500.0,4403.127791288731
4,2,2.6,0.8029515508320294,2500.0,4492.621122919926
5,2,2.6,0.8265447443451527,2500.0,4433.638139137118
6,2,2.6,0.7073164475828535,2500.0,4731.708881042867
7,2,2.6,0.7266154926672697,2500.0,4683.461268331826
8,2,2.6,0.781133967850722,2500.0,4547.165080373195
9,2,2.6,0.7398583925418406,2500.0,4650.354018645398
10,2,2.6,0.8573450330747331,2500.0,4356.637417313167
11,2,2.6,0.8136855513748343,2500.0,4465.786121562915
12,2,2.6,0.8445738631221127,2500.0,4388.565342194718
13,2,2.6,0.9304787401543781,2500.0,4173.803149614055
14,2,2.6,1.015520393240611,2500.0,3961.199016898473
15,2,2.6,1.1383530624143385,2500.0,3654.117343964154
16,2,2.6,1.1721237012157586,2500.0,3569.6907469606035
17,2,2.6,1.168544247468899,2500.0,3578.6393813277527
18,2,2.6,0.9756188305754623,2500.0,4060.9529235613445
19,2,2.6,0.8617939968958586,2500.0,4345.515007760354
20,2,2.6,0.8454302040851108,2500.0,4386.424489787223
21,2,2.6,0.8459836860189572,2500.0,4385.040784952607
22,2,2.6,0.6424215198403769,2500.0,4893.946200399058
23,2,2.6,0.704482776125611,2500.0,4738.793059685973
24,2,2.6,0.73694568055078,2500.0,4657.63579862305
25,2,2.565595075309426,0.565595075309426,2521.5025476729575,5043.005095345915
26,2,2.344188870409711,0.3441888704097109,2659.664341818449,5319.328683636898
27,2,2.3743998980353904,0.3743998980353902,2640.8507483889075,5281.701496777815
28,2,2.5140930032424085,0.5140930032424085,2553.683619357291,5107.367238714582
29,2,2.590980527071591,0.5909805270715908,2505.6371610263404,5011.274322052681
30,2,2.57729356486347,0.5772935648634696,2514.1913695269614,5028.382739053923
31,2,2.6,0.6586012707868047,2500.0,4853.496823032989
32,2,2.6,0.6943576751922454,2500.0,4764.105812019387
33,2,2.6,0.6367019307721685,2500.0,4908.245173069578
34,2,2.6,0.6131597328722923,2500.0,4967.10066781927
35,2,2.6,0.6559412888087327,2500.0,4860.146777978168
36,2,2.6,0.6458943085763936,2500.0,4885.264228559016
37,2,2.6,0.6421444066711809,2500.0,4894.638983322048
38,2,2.5683551104578903,0.5683551104578901,2519.7776433548534,5039.555286709707
39,2,2.480383242299244,0.4803832422992439,2574.7381964176184,5149.476392835237
40,2,2.372879180044401,0.3728791800444007,2641.7981598523384,5283.596319704677
41,2,2.552422563240909,0.5524225632409091,2529.734495750659,5059.468991501318
42,2,2.5749953664557563,0.5749953664557562,2515.627692404669,5031.255384809338
43,2,2.6,0.6066838207832469,2500.0,4983.290448041883
44,2,2.6,0.6156985845671695,2500.0,4960.7535385820765
45,2,2.6,0.6447201405578634,2500.0,4888.199648605341
46,2,2.6,0.8218983387716552,2500.0,4445.254153070862
47,2,2.6,0.6975678098235066,2500.0,4756.080475441233
48,2,2.6,0.631955100413553,2500.0,4920.1122489661175
49,2,2.3961838105192776,0.39618381051927776,2627.2749888343005,5254.549977668601
50,2,2.3267257897067917,0.32672578970679184,2670.531150188761,5341.062300377521
51,2,2.3450189860670387,0.34501898606703874,2659.1476288806425,5318.295257761285
52,2,2.423423376706957,0.42342337670695707,2610.2887587233763,5220.577517446752
53,2,2.338930209069799,0.3389302090697993,2662.937322715358,5325.874645430716
54,2,2.433066084254449,0.4330660842544487,2604.273167425348,5208.546334850696
55,2,2.593643408322123,0.5936434083221228,2503.9728664543263,5007.945732908653
56,2,2.551047116666581,0.5510471166665808,2530.594024701651,5061.188049403302
57,2,2.6,0.6298327269908464,2500.0,4925.418182522884
58,2,2.6,0.7374811436433909,2500.0,4656.297140891524
59,2,2.456839771838037,0.4568397718380372,2589.43695842164,5178.873916843279
60,2,2.1610349269829294,0.16103492698292943,2773.257092001011,5546.514184002022
61,2,2.144061903422782,0.14406190342278224,2783.7335732444462,5567.4671464888925
62,2,2.0,0.0,2872.2125840582953,5744.425168116591
63,2,2.093375822094695,0.09337582209469494,2814.957751352777,5629.915502705554
64,2,2.247895149069884,0.24789514906988433,2719.4988870881125,5438.997774176224
65,2,2.2793139998601317,0.27931399986013195,2700.0004346934793,5400.000869386958
66,2,2.3182818023076948,0.3182818023076947,2675.7833223654616,5351.566644730923
67,2,2.234318882606073,0.2343188826060731,2727.9161028692683,5455.832205738537
68,2,2.101680193241475,0.10168019324147465,2809.8485684271286,5619.697136854257
69,2,2.2791927333346056,0.2791927333346057,2700.0757410210563,5400.151482042113
70,2,2.4276824450066723,0.42768244500667235,2607.631897804786,5215.263795609572
71,2,2.426557568638211,0.4265575686382108,2608.333633893338,5216.667267786676
72,2,2.436360716711054,0.4363607167110541,2602.2175342040036,5204.435068408007
73,2,2.468003112327092,0.46800311232709213,2582.468122451692,5164.936244903384
74,2,2.463268575142703,0.4632685751427032,2585.423871450283,5170.847742900565
75,2,2.6,0.6004952110913371,2500.0,4998.761972271657
76,2,2.555377786185113,0.5553777861851131,2527.8877268017523,5055.7754536035045
77,2,2.4740435391159035,0.47404353911590363,2578.696778797678,5157.393557595355
78,2,2.6,0.6861611777155547,2500.0,4784.597055711113
79,2,2.6,0.825335588444913,2500.0,4436.661028887718
80,2,2.6,0.9911539741539377,2500.0,4022.115064615156
81,2,2.6,1.0593337626439967,2500.0,3851.6655933900083
82,2,2.6,1.1720810270674773,2500.0,3569.797432331307
83,2,2.6,1.1752432912779955,2500.0,3561.8917718050116
84,2,2.6,1.166099386159802,2500.0,3584.7515346004952
85,2,2.6,1.0428507411744743,2500.0,3892.8731470638145
86,2,2.6,0.9891635070249537,2500.0,4027.0912324376163
87,2,2.6,1.136711520362126,2498.7141380373614,3656.3396120983516
88,2,2.6,1.2945225352463188,2500.0,3263.6936618842033
89,2,2.6,1.3188897631268564,2496.2065207606856,3197.915727096008
90,2,2.6,1.257893256881829,2500.0,3355.2668577954278
91,2,2.6,1.1941262178836396,2419.711254362845,3401.8086128006157
92,2,2.6,1.1014132071187592,2398.903251913965,3594.9647307181285
93,2,2.6,1.0332607989860236,2322.951033420611,3639.458446095999
94,2,2.6,1.010199779907331,2330.4449604981032,3704.941911113736
95,2,2.6,1.0511862367328475,2316.482503217653,3587.799983351047
96,2,2.6,1.0887542833115536,2369.1265388397874,3580.3323341145533
97,2,2.6,1.151422708316707,2326.961404056213,3370.783448539302
98,2,2.6,1.100690244619908,2240.592761905083,3359.3425857583147
99,2,2.6,1.320567883103175,2127.787415941705,2722.3595578847207
